Using CPython 3.13.3 interpreter at: C:\Users\admin\AppData\Local\Programs\Python\Python313\python.exe
Creating virtual environment at: .venv
   Building latent-anything @ file:///C:/Users/admin/AppData/Local/Temp/sprint80-80-25-20260924-160321-176370-23440-hy1e5t0c/root
      Built latent-anything @ file:///C:/Users/admin/AppData/Local/Temp/sprint80-80-25-20260924-160321-176370-23440-hy1e5t0c/root
Prepared 1 package in 5.32s
Installed 50 packages in 13.55s
 + annotated-types==0.7.0
 + certifi==2026.6.17
 + charset-normalizer==3.4.9
 + colorama==0.4.6
 + contourpy==1.3.3
 + cycler==0.12.1
 + filelock==3.29.4
 + fonttools==4.63.0
 + fsspec==2026.2.0
 + huggingface-hub==0.35.3
 + idna==3.18
 + jinja2==3.1.6
 + joblib==1.5.3
 + kiwisolver==1.5.0
 + latent-anything==0.9.0 (from file:///C:/Users/admin/AppData/Local/Temp/sprint80-80-25-20260924-160321-176370-23440-hy1e5t0c/root)
 + llvmlite==0.47.0
 + markupsafe==3.0.3
 + matplotlib==3.11.0
 + mpmath==1.3.0
 + narwhals==2.22.1
 + networkx==3.6.1
 + numba==0.65.1
 + numpy==2.4.6
 + packaging==25.0
 + pillow==12.2.0
 + psutil==7.2.2
 + pyarrow==24.0.0
 + pydantic==2.13.4
 + pydantic-core==2.46.4
 + pynndescent==0.6.0
 + pyparsing==3.3.2
 + python-dateutil==2.9.0.post0
 + pyyaml==6.0.3
 + regex==2026.7.10
 + requests==2.34.2
 + safetensors==0.8.0
 + scikit-learn==1.9.0
 + scipy==1.17.1
 + setuptools==80.10.2
 + six==1.17.0
 + sympy==1.14.0
 + threadpoolctl==3.6.0
 + tokenizers==0.22.2
 + torch==2.10.0
 + tqdm==4.68.2
 + transformers==4.57.6
 + typing-extensions==4.15.0
 + typing-inspection==0.4.2
 + umap-learn==0.5.12
 + urllib3==2.7.0
