Traceback (most recent call last):
  File "C:\Users\admin\AppData\Local\Temp\sprint80-80-25-20260922-170215\root\.venv\Lib\site-packages\latent_anything\_benchmark_manifest.py", line 113, in load_schema
    raw = json.loads(path.read_text(encoding="utf-8"))
                     ~~~~~~~~~~~~~~^^^^^^^^^^^^^^^^^^
  File "C:\Users\admin\AppData\Local\Programs\Python\Python313\Lib\pathlib\_local.py", line 546, in read_text
    return PathBase.read_text(self, encoding, errors, newline)
           ~~~~~~~~~~~~~~~~~~^^^^^^^^^^^^^^^^^^^^^^^^^^^^^^^^^
  File "C:\Users\admin\AppData\Local\Programs\Python\Python313\Lib\pathlib\_abc.py", line 632, in read_text
    with self.open(mode='r', encoding=encoding, errors=errors, newline=newline) as f:
         ~~~~~~~~~^^^^^^^^^^^^^^^^^^^^^^^^^^^^^^^^^^^^^^^^^^^^^^^^^^^^^^^^^^^^^
  File "C:\Users\admin\AppData\Local\Programs\Python\Python313\Lib\pathlib\_local.py", line 537, in open
    return io.open(self, mode, buffering, encoding, errors, newline)
           ~~~~~~~^^^^^^^^^^^^^^^^^^^^^^^^^^^^^^^^^^^^^^^^^^^^^^^^^^
FileNotFoundError: [Errno 2] No such file or directory: 'C:\\Users\\admin\\AppData\\Local\\Temp\\sprint80-80-25-20260922-170215\\root\\.venv\\Lib\\artifacts\\benchmark_manifest_schema_v1.json'

The above exception was the direct cause of the following exception:

Traceback (most recent call last):
  File "C:\Users\admin\AppData\Local\Temp\sprint80-80-25-20260922-170215\root\scripts\sprint80_task80_24_proof.py", line 1547, in <module>
    raise SystemExit(main())
                     ~~~~^^
  File "C:\Users\admin\AppData\Local\Temp\sprint80-80-25-20260922-170215\root\scripts\sprint80_task80_24_proof.py", line 1543, in main
    return run_proof()
  File "C:\Users\admin\AppData\Local\Temp\sprint80-80-25-20260922-170215\root\scripts\sprint80_task80_24_proof.py", line 1200, in run_proof
    manifest = load_manifest()
  File "C:\Users\admin\AppData\Local\Temp\sprint80-80-25-20260922-170215\root\scripts\sprint80_task80_24_proof.py", line 227, in load_manifest
    validate_manifest(manifest)
    ~~~~~~~~~~~~~~~~~^^^^^^^^^^
  File "C:\Users\admin\AppData\Local\Temp\sprint80-80-25-20260922-170215\root\.venv\Lib\site-packages\latent_anything\_benchmark_manifest.py", line 316, in validate_manifest
    load_schema()
    ~~~~~~~~~~~^^
  File "C:\Users\admin\AppData\Local\Temp\sprint80-80-25-20260922-170215\root\.venv\Lib\site-packages\latent_anything\_benchmark_manifest.py", line 115, in load_schema
    raise BenchmarkManifestValidationError(f"benchmark-manifest schema cannot be loaded from {path}") from exc
latent_anything._benchmark_manifest.BenchmarkManifestValidationError: benchmark-manifest schema cannot be loaded from C:\Users\admin\AppData\Local\Temp\sprint80-80-25-20260922-170215\root\.venv\Lib\artifacts\benchmark_manifest_schema_v1.json
